cube.cpp:34:1:RubiksCube::RubiksCube()	40	static
cube.cpp:84:1:RubiksCube::~RubiksCube()	24	static
cube.cpp:93:6:void RubiksCube::RotCubePinceDroiteAntiHoraire()	16	static
cube.cpp:99:6:void RubiksCube::RotCubePinceDroiteHoraire()	16	static
cube.cpp:105:6:void RubiksCube::RotCubePinceGaucheAntiHoraire()	16	static
cube.cpp:111:6:void RubiksCube::RotCubePinceGaucheHoraire()	16	static
cube.cpp:117:6:void RubiksCube::affichage() const	24	static
cube.cpp:133:6:void RubiksCube::CopyCube()	24	static
cube.cpp:141:6:void RubiksCube::RotateFace(int)	16	static
cube.cpp:169:6:void RubiksCube::BringToTop_Front(int, int)	32	static
cube.cpp:181:6:void RubiksCube::BringToFront(int)	16	static
cube.cpp:211:6:void RubiksCube::BringToTop(int)	16	static
cube.cpp:254:5:int RubiksCube::WhereIsColor(int)	24	static
cube.cpp:278:6:void RubiksCube::RotateEquatorY()	16	static
cube.cpp:300:6:void RubiksCube::RotateEquatorX()	16	static
cube.cpp:322:6:void RubiksCube::RotateEquatorZ()	16	static
cube.cpp:344:6:void RubiksCube::RotateUp()	16	static
cube.cpp:365:6:void RubiksCube::RotateDown()	16	static
cube.cpp:386:6:void RubiksCube::RotateBack()	16	static
cube.cpp:407:6:void RubiksCube::RotateFront()	16	static
cube.cpp:428:6:void RubiksCube::RotateLeft()	16	static
cube.cpp:449:6:void RubiksCube::RotateRight()	16	static
cube.cpp:469:6:void RubiksCube::MoveR()	16	static
cube.cpp:476:6:void RubiksCube::MoveR2()	16	static
cube.cpp:483:6:void RubiksCube::MoveRprime()	16	static
cube.cpp:492:6:void RubiksCube::MoveL()	16	static
cube.cpp:501:6:void RubiksCube::MoveL2()	16	static
cube.cpp:508:6:void RubiksCube::MoveLprime()	16	static
cube.cpp:517:6:void RubiksCube::MoveU()	16	static
cube.cpp:524:6:void RubiksCube::MoveU2()	16	static
cube.cpp:531:6:void RubiksCube::MoveUprime()	16	static
cube.cpp:540:6:void RubiksCube::MoveD()	16	static
cube.cpp:548:6:void RubiksCube::MoveD2()	16	static
cube.cpp:555:6:void RubiksCube::MoveDprime()	16	static
cube.cpp:564:6:void RubiksCube::MoveF()	16	static
cube.cpp:571:6:void RubiksCube::MoveF2()	16	static
cube.cpp:578:6:void RubiksCube::MoveFprime()	16	static
cube.cpp:587:6:void RubiksCube::MoveB()	16	static
cube.cpp:594:6:void RubiksCube::MoveB2()	16	static
cube.cpp:600:6:void RubiksCube::MoveBprime()	16	static
