cube.cpp:34:1:RubiksCube::RubiksCube()	40	static
cube.cpp:54:1:RubiksCube::~RubiksCube()	24	static
cube.cpp:63:6:void RubiksCube::RotCubePinceDroiteAntiHoraire()	16	static
cube.cpp:69:6:void RubiksCube::RotCubePinceDroiteHoraire()	16	static
cube.cpp:75:6:void RubiksCube::RotCubePinceGaucheAntiHoraire()	16	static
cube.cpp:81:6:void RubiksCube::RotCubePinceGaucheHoraire()	16	static
cube.cpp:87:6:void RubiksCube::affichage() const	24	static
cube.cpp:100:6:void RubiksCube::CopyCube()	24	static
cube.cpp:109:6:void RubiksCube::RotateFace(int)	16	static
cube.cpp:137:6:void RubiksCube::BringToTop_Front(int, int)	32	static
cube.cpp:149:6:void RubiksCube::BringToFront(int)	16	static
cube.cpp:179:6:void RubiksCube::BringToTop(int)	16	static
cube.cpp:222:6:void RubiksCube::RotateEquatorY()	16	static
cube.cpp:244:6:void RubiksCube::RotateEquatorX()	16	static
cube.cpp:266:6:void RubiksCube::RotateEquatorZ()	16	static
cube.cpp:288:6:void RubiksCube::RotateUp()	16	static
cube.cpp:309:6:void RubiksCube::RotateDown()	16	static
cube.cpp:330:6:void RubiksCube::RotateBack()	16	static
cube.cpp:351:6:void RubiksCube::RotateFront()	16	static
cube.cpp:372:6:void RubiksCube::RotateLeft()	16	static
cube.cpp:393:6:void RubiksCube::RotateRight()	16	static
cube.cpp:413:6:void RubiksCube::MoveR()	16	static
cube.cpp:420:6:void RubiksCube::MoveR2()	16	static
cube.cpp:427:6:void RubiksCube::MoveRprime()	16	static
cube.cpp:436:6:void RubiksCube::MoveL()	16	static
cube.cpp:445:6:void RubiksCube::MoveL2()	16	static
cube.cpp:452:6:void RubiksCube::MoveLprime()	16	static
cube.cpp:461:6:void RubiksCube::MoveU()	16	static
cube.cpp:468:6:void RubiksCube::MoveU2()	16	static
cube.cpp:475:6:void RubiksCube::MoveUprime()	16	static
cube.cpp:484:6:void RubiksCube::MoveD()	16	static
cube.cpp:492:6:void RubiksCube::MoveD2()	16	static
cube.cpp:499:6:void RubiksCube::MoveDprime()	16	static
cube.cpp:508:6:void RubiksCube::MoveF()	16	static
cube.cpp:515:6:void RubiksCube::MoveF2()	16	static
cube.cpp:522:6:void RubiksCube::MoveFprime()	16	static
cube.cpp:531:6:void RubiksCube::MoveB()	16	static
cube.cpp:538:6:void RubiksCube::MoveB2()	16	static
cube.cpp:544:6:void RubiksCube::MoveBprime()	16	static
