cube.cpp:34:1:RubiksCube::RubiksCube()	40	static
cube.cpp:53:1:RubiksCube::~RubiksCube()	24	static
cube.cpp:62:6:void RubiksCube::RotCubePinceDroiteAntiHoraire()	16	static
cube.cpp:68:6:void RubiksCube::RotCubePinceDroiteHoraire()	16	static
cube.cpp:74:6:void RubiksCube::RotCubePinceGaucheAntiHoraire()	16	static
cube.cpp:80:6:void RubiksCube::RotCubePinceGaucheHoraire()	16	static
cube.cpp:86:6:void RubiksCube::affichage() const	24	static
cube.cpp:102:6:void RubiksCube::CopyCube()	24	static
cube.cpp:111:6:void RubiksCube::RotateFace(int)	16	static
cube.cpp:139:6:void RubiksCube::BringToTop_Front(int, int)	32	static
cube.cpp:151:6:void RubiksCube::BringToFront(int)	16	static
cube.cpp:181:6:void RubiksCube::BringToTop(int)	16	static
cube.cpp:224:6:void RubiksCube::RotateEquatorY()	16	static
cube.cpp:246:6:void RubiksCube::RotateEquatorX()	16	static
cube.cpp:268:6:void RubiksCube::RotateEquatorZ()	16	static
cube.cpp:290:6:void RubiksCube::RotateUp()	16	static
cube.cpp:311:6:void RubiksCube::RotateDown()	16	static
cube.cpp:332:6:void RubiksCube::RotateBack()	16	static
cube.cpp:353:6:void RubiksCube::RotateFront()	16	static
cube.cpp:374:6:void RubiksCube::RotateLeft()	16	static
cube.cpp:395:6:void RubiksCube::RotateRight()	16	static
cube.cpp:415:6:void RubiksCube::MoveR()	16	static
cube.cpp:422:6:void RubiksCube::MoveR2()	16	static
cube.cpp:429:6:void RubiksCube::MoveRprime()	16	static
cube.cpp:438:6:void RubiksCube::MoveL()	16	static
cube.cpp:447:6:void RubiksCube::MoveL2()	16	static
cube.cpp:454:6:void RubiksCube::MoveLprime()	16	static
cube.cpp:463:6:void RubiksCube::MoveU()	16	static
cube.cpp:470:6:void RubiksCube::MoveU2()	16	static
cube.cpp:477:6:void RubiksCube::MoveUprime()	16	static
cube.cpp:486:6:void RubiksCube::MoveD()	16	static
cube.cpp:494:6:void RubiksCube::MoveD2()	16	static
cube.cpp:501:6:void RubiksCube::MoveDprime()	16	static
cube.cpp:510:6:void RubiksCube::MoveF()	16	static
cube.cpp:517:6:void RubiksCube::MoveF2()	16	static
cube.cpp:524:6:void RubiksCube::MoveFprime()	16	static
cube.cpp:533:6:void RubiksCube::MoveB()	16	static
cube.cpp:540:6:void RubiksCube::MoveB2()	16	static
cube.cpp:546:6:void RubiksCube::MoveBprime()	16	static
