gthr-default.h:229:1:int __gthread_key_delete(__gthread_key_t)	16	static
main.cpp:139:15:unsigned char solve()	16	static
main.cpp:337:6:void setPWM(TIM_HandleTypeDef, uint32_t, uint16_t, uint16_t)	40	static
main.cpp:363:6:void initServosPosition()	96	static
main.cpp:392:6:void replace()	96	static
main.cpp:401:6:void LeftCWBody()	96	static
main.cpp:417:6:void LeftAWBody()	96	static
main.cpp:433:6:void LeftCWSide()	96	static
main.cpp:445:6:void LeftAWSide()	96	static
main.cpp:457:6:void RightCWBody()	96	static
main.cpp:473:6:void RightAWBody()	96	static
main.cpp:489:6:void RightCWSide()	96	static
main.cpp:501:6:void RightAWSide()	96	static
main.cpp:513:6:void ActR2()	8	static
main.cpp:526:6:void ActRp()	8	static
main.cpp:537:6:void ActR()	8	static
main.cpp:548:6:void ActL2()	8	static
main.cpp:561:6:void ActLp()	8	static
main.cpp:572:6:void ActL()	8	static
main.cpp:587:6:void ActU2()	8	static
main.cpp:604:6:void ActUp()	8	static
main.cpp:619:6:void ActU()	8	static
main.cpp:634:6:void ActD2()	8	static
main.cpp:643:6:void ActDp()	8	static
main.cpp:650:6:void ActD()	8	static
main.cpp:657:6:void ActF2()	8	static
main.cpp:674:6:void ActFp()	8	static
main.cpp:689:6:void ActF()	8	static
main.cpp:704:6:void ActB2()	8	static
main.cpp:713:6:void ActBp()	8	static
main.cpp:720:6:void ActB()	8	static
main.cpp:733:5:int main()	24	static
main.cpp:797:6:void SystemClock_Config()	88	static
main.cpp:837:13:void MX_TIM3_Init()	48	static
main.cpp:898:13:void MX_USART2_UART_Init()	8	static
main.cpp:931:13:void MX_GPIO_Init()	48	static
main.cpp:961:6:void Error_Handler()	4	static,ignoring_inline_asm
main.cpp:970:1:void __static_initialization_and_destruction_0(int, int)	16	static
main.cpp:970:1:cpp)	8	static
main.cpp:970:1:cpp)	8	static
