main.c:121:6:__io_putchar	16	static
main.c:125:15:solve	16	static
main.c:311:6:setPWM	40	static
main.c:326:6:initServosPosition	96	static
main.c:341:6:LeftCWBody	96	static
main.c:357:6:LeftAWBody	96	static
main.c:373:6:LeftCWSide	96	static
main.c:385:6:LeftAWSide	96	static
main.c:397:6:RightCWBody	96	static
main.c:413:6:RightAWBody	96	static
main.c:429:6:RightCWSide	96	static
main.c:441:6:RightAWSide	96	static
main.c:453:6:ActR2	8	static
main.c:461:6:ActRp	8	static
main.c:468:6:ActR	8	static
main.c:475:6:ActL2	8	static
main.c:483:6:ActLp	8	static
main.c:490:6:ActL	8	static
main.c:497:6:ActU2	8	static
main.c:507:6:ActUp	8	static
main.c:516:6:ActU	8	static
main.c:525:6:ActD2	8	static
main.c:531:6:ActDp	8	static
main.c:536:6:ActD	8	static
main.c:541:6:ActF2	8	static
main.c:551:6:ActFp	8	static
main.c:560:6:ActF	8	static
main.c:569:6:ActB2	8	static
main.c:575:6:ActBp	8	static
main.c:580:6:ActB	8	static
main.c:591:5:main	24	static
main.c:659:6:SystemClock_Config	88	static
main.c:699:13:MX_TIM3_Init	48	static
main.c:760:13:MX_USART2_UART_Init	8	static
main.c:793:13:MX_GPIO_Init	48	static
main.c:823:6:Error_Handler	4	static,ignoring_inline_asm
