gthr-default.h:229:1:int __gthread_key_delete(__gthread_key_t)	16	static
main.cpp:159:15:unsigned char solve()	24	static
main.cpp:418:6:void setPWM(TIM_HandleTypeDef, uint32_t, uint16_t, uint16_t)	40	static
main.cpp:444:6:void initServosPosition()	96	static
main.cpp:473:6:void replace()	96	static
main.cpp:482:6:void LeftCWBody()	96	static
main.cpp:498:6:void LeftAWBody()	96	static
main.cpp:514:6:void LeftCWSide()	96	static
main.cpp:526:6:void LeftAWSide()	96	static
main.cpp:538:6:void RightCWBody()	96	static
main.cpp:554:6:void RightAWBody()	96	static
main.cpp:570:6:void RightCWSide()	96	static
main.cpp:582:6:void RightAWSide()	96	static
main.cpp:594:5:int WhichColorWasHere(int)	16	static
main.cpp:614:6:void Act(int, int)	16	static
main.cpp:731:6:void ActR2()	8	static
main.cpp:743:6:void ActRp()	8	static
main.cpp:753:6:void ActR()	8	static
main.cpp:763:6:void ActL2()	8	static
main.cpp:775:6:void ActLp()	8	static
main.cpp:785:6:void ActL()	8	static
main.cpp:795:6:void ActU2()	8	static
main.cpp:810:6:void ActUp()	8	static
main.cpp:822:6:void ActU()	8	static
main.cpp:834:6:void ActD2()	8	static
main.cpp:843:6:void ActDp()	8	static
main.cpp:850:6:void ActD()	8	static
main.cpp:857:6:void ActF2()	8	static
main.cpp:871:6:void ActFp()	8	static
main.cpp:883:6:void ActF()	8	static
main.cpp:895:6:void ActB2()	8	static
main.cpp:904:6:void ActBp()	8	static
main.cpp:911:6:void ActB()	8	static
main.cpp:924:5:int main()	24	static
main.cpp:988:6:void SystemClock_Config()	88	static
main.cpp:1028:13:void MX_TIM3_Init()	48	static
main.cpp:1089:13:void MX_USART2_UART_Init()	8	static
main.cpp:1122:13:void MX_GPIO_Init()	48	static
main.cpp:1152:6:void Error_Handler()	4	static,ignoring_inline_asm
main.cpp:1161:1:void __static_initialization_and_destruction_0(int, int)	16	static
main.cpp:1161:1:cpp)	8	static
main.cpp:1161:1:cpp)	8	static
