gthr-default.h:229:1:int __gthread_key_delete(__gthread_key_t)	16	static
main.cpp:143:15:unsigned char solve()	24	static
main.cpp:402:6:void setPWM(TIM_HandleTypeDef, uint32_t, uint16_t, uint16_t)	40	static
main.cpp:428:6:void initServosPosition()	96	static
main.cpp:467:6:void replace()	96	static
main.cpp:476:6:void LeftCWBody()	96	static
main.cpp:492:6:void LeftAWBody()	96	static
main.cpp:508:6:void LeftCWSide()	96	static
main.cpp:520:6:void LeftAWSide()	96	static
main.cpp:532:6:void RightCWBody()	96	static
main.cpp:548:6:void RightAWBody()	96	static
main.cpp:564:6:void RightCWSide()	96	static
main.cpp:576:6:void RightAWSide()	96	static
main.cpp:588:5:int WhichColorWasHere(int)	16	static
main.cpp:608:6:void Act(int, int)	16	static
main.cpp:725:6:void ActR2()	8	static
main.cpp:737:6:void ActRp()	8	static
main.cpp:747:6:void ActR()	8	static
main.cpp:757:6:void ActL2()	8	static
main.cpp:769:6:void ActLp()	8	static
main.cpp:779:6:void ActL()	8	static
main.cpp:789:6:void ActU2()	8	static
main.cpp:803:6:void ActUp()	8	static
main.cpp:815:6:void ActU()	8	static
main.cpp:827:6:void ActD2()	8	static
main.cpp:836:6:void ActDp()	8	static
main.cpp:843:6:void ActD()	8	static
main.cpp:850:6:void ActF2()	8	static
main.cpp:864:6:void ActFp()	8	static
main.cpp:876:6:void ActF()	8	static
main.cpp:888:6:void ActB2()	8	static
main.cpp:897:6:void ActBp()	8	static
main.cpp:904:6:void ActB()	8	static
main.cpp:917:5:int main()	24	static
main.cpp:982:6:void SystemClock_Config()	88	static
main.cpp:1022:13:void MX_TIM3_Init()	48	static
main.cpp:1083:13:void MX_USART2_UART_Init()	8	static
main.cpp:1116:13:void MX_GPIO_Init()	48	static
main.cpp:1152:6:void Error_Handler()	4	static,ignoring_inline_asm
main.cpp:1161:1:void __static_initialization_and_destruction_0(int, int)	16	static
main.cpp:1161:1:cpp)	8	static
main.cpp:1161:1:cpp)	8	static
